// Vitest Snapshot v1, https://vitest.dev/guide/snapshot.html

exports[`FormGroup > matches snapshot 1`] = `
"<div data-v-59a90264="" class="form-group"><label data-v-59a90264="" for="accountNumber">Hello Vitest</label>
  <!--v-if-->
</div>"
`;
